/* input: checkmate.pgn */

[Event "?"]
[Site "Moscow RUS"]
[Date "1918.??.??"]
[Round "?"]
[White "Alekhine, Alexander A"]
[Black "Rabinovich Abram"]
[Result "1-0"]
[ECO "C42m"]

1.e4 e5 2.Nf3 Nf6 3.Nxe5 d6 4.Nf3 Nxe4 5.Nc3 d5 6.Qe2 Be7 7.Nxe4 dxe4 8.
Qxe4 O-O 9.Bc4 Bd6 10.O-O Re8 11.Qd3 Nc6 12.b3 Qf6 13.Bb2 Qxb2 14.Ng5 Be6 
15.Bxe6 fxe6 16.Qxh7+ Kf8 17.Rae1 Qf6 18.Qh5 Kg8 19.Re3 Bf4 20.Qh7+ Kf8 
21.Qh8+ Ke7 22.Rxe6+ Qxe6 23.Qxg7+ Kd6 24.Nxe6 Rxe6 25.d4 Rae8 26.c4 R8e7 
27.Qf8 Re4 28.Qf5 Rxd4 29.c5# 1-0

/* command: ./chess libbasic-output.so checkmate.pgn */

[game_started]	
[move]	PieceType: 5
[move]	PieceType: 5
[move]	PieceType: 4
[move]	PieceType: 4
[piece_taken]	 piece: 5 file: 5 rank: 5
[move]	PieceType: 4
[move]	PieceType: 5
[move]	PieceType: 4
[piece_taken]	 piece: 5 file: 5 rank: 4
[move]	PieceType: 4
[move]	PieceType: 4
[move]	PieceType: 5
[move]	PieceType: 1
[move]	PieceType: 3
[piece_taken]	 piece: 4 file: 5 rank: 4
[move]	PieceType: 4
[piece_taken]	 piece: 4 file: 5 rank: 4
[move]	PieceType: 5
[piece_taken]	 piece: 5 file: 5 rank: 4
[move]	PieceType: 1
[kingside castling]	color: 1
[move]	PieceType: 0
[move]	PieceType: 2
[move]	PieceType: 3
[move]	PieceType: 3
[kingside castling]	color: 0
[move]	PieceType: 0
[move]	PieceType: 2
[move]	PieceType: 2
[move]	PieceType: 1
[move]	PieceType: 4
[move]	PieceType: 5
[move]	PieceType: 1
[move]	PieceType: 3
[piece_taken]	 piece: 3 file: 2 rank: 2
[move]	PieceType: 1
[move]	PieceType: 4
[move]	PieceType: 3
[piece_taken]	 piece: 3 file: 5 rank: 6
[move]	PieceType: 3
[piece_taken]	 piece: 3 file: 5 rank: 6
[move]	PieceType: 5
[piece_taken]	 piece: 5 file: 8 rank: 7
[move]	PieceType: 1
[check]	: color: 1
[move]	PieceType: 0
[move]	PieceType: 2
[move]	PieceType: 1
[move]	PieceType: 1
[move]	PieceType: 0
[move]	PieceType: 2
[move]	PieceType: 3
[move]	PieceType: 1
[check]	: color: 1
[move]	PieceType: 0
[move]	PieceType: 1
[check]	: color: 1
[move]	PieceType: 0
[piece_taken]	 piece: 5 file: 5 rank: 6
[move]	PieceType: 2
[check]	: color: 1
[piece_taken]	 piece: 2 file: 5 rank: 6
[move]	PieceType: 1
[piece_taken]	 piece: 5 file: 7 rank: 7
[move]	PieceType: 1
[check]	: color: 1
[move]	PieceType: 0
[piece_taken]	 piece: 1 file: 5 rank: 6
[move]	PieceType: 4
[piece_taken]	 piece: 4 file: 5 rank: 6
[move]	PieceType: 2
[move]	PieceType: 5
[move]	PieceType: 2
[move]	PieceType: 5
[move]	PieceType: 2
[move]	PieceType: 1
[move]	PieceType: 2
[move]	PieceType: 1
[piece_taken]	 piece: 5 file: 4 rank: 4
[move]	PieceType: 2
[move]	PieceType: 5
[mat]	: color: 1
[game_finished]	

/* return value: 0 */
